Buildfile: /home/kapelner/workspace/GemIdent/build.xml

compile:
    [javac] Compiling 125 source files to /home/kapelner/workspace/GemIdent/class_files
    [javac] warning: [options] bootstrap class path not set in conjunction with -source 1.5
    [javac] /home/kapelner/workspace/GemIdent/GemIdentStatistics/StatToolbox.java:3: error: package org.apache.commons.math does not exist
    [javac] import org.apache.commons.math.MathException;
    [javac]                               ^
    [javac] /home/kapelner/workspace/GemIdent/GemIdentStatistics/StatToolbox.java:4: error: package org.apache.commons.math.distribution does not exist
    [javac] import org.apache.commons.math.distribution.GammaDistributionImpl;
    [javac]                                            ^
    [javac] /home/kapelner/workspace/GemIdent/GemIdentStatistics/StatToolbox.java:5: error: package org.apache.commons.math.distribution does not exist
    [javac] import org.apache.commons.math.distribution.NormalDistributionImpl;
    [javac]                                            ^
    [javac] /home/kapelner/workspace/GemIdent/GemIdentStatistics/StatToolbox.java:6: error: package org.apache.commons.math.special does not exist
    [javac] import org.apache.commons.math.special.Gamma;
    [javac]                                       ^
    [javac] /home/kapelner/workspace/GemIdent/GemIdentTools/ReportInPDF.java:34: error: package com.lowagie.text does not exist
    [javac] import com.lowagie.text.Document;
    [javac]                        ^
    [javac] /home/kapelner/workspace/GemIdent/GemIdentTools/ReportInPDF.java:35: error: package com.lowagie.text does not exist
    [javac] import com.lowagie.text.Font;
    [javac]                        ^
    [javac] /home/kapelner/workspace/GemIdent/GemIdentTools/ReportInPDF.java:36: error: package com.lowagie.text does not exist
    [javac] import com.lowagie.text.FontFactory;
    [javac]                        ^
    [javac] /home/kapelner/workspace/GemIdent/GemIdentTools/ReportInPDF.java:37: error: package com.lowagie.text does not exist
    [javac] import com.lowagie.text.Image;
    [javac]                        ^
    [javac] /home/kapelner/workspace/GemIdent/GemIdentTools/ReportInPDF.java:38: error: package com.lowagie.text does not exist
    [javac] import com.lowagie.text.PageSize;
    [javac]                        ^
    [javac] /home/kapelner/workspace/GemIdent/GemIdentTools/ReportInPDF.java:39: error: package com.lowagie.text does not exist
    [javac] import com.lowagie.text.Paragraph;
    [javac]                        ^
    [javac] /home/kapelner/workspace/GemIdent/GemIdentTools/ReportInPDF.java:40: error: package com.lowagie.text does not exist
    [javac] import com.lowagie.text.Phrase;
    [javac]                        ^
    [javac] /home/kapelner/workspace/GemIdent/GemIdentTools/ReportInPDF.java:41: error: package com.lowagie.text.pdf does not exist
    [javac] import com.lowagie.text.pdf.PdfPCell;
    [javac]                            ^
    [javac] /home/kapelner/workspace/GemIdent/GemIdentTools/ReportInPDF.java:42: error: package com.lowagie.text.pdf does not exist
    [javac] import com.lowagie.text.pdf.PdfPTable;
    [javac]                            ^
    [javac] /home/kapelner/workspace/GemIdent/GemIdentTools/ReportInPDF.java:43: error: package com.lowagie.text.pdf does not exist
    [javac] import com.lowagie.text.pdf.PdfWriter;
    [javac]                            ^
    [javac] /home/kapelner/workspace/GemIdent/GemIdentTools/ReportInPDF.java:68: error: cannot find symbol
    [javac] 	private PdfWriter writer;
    [javac] 	        ^
    [javac]   symbol:   class PdfWriter
    [javac]   location: class ReportInPDF
    [javac] /home/kapelner/workspace/GemIdent/GemIdentTools/ReportInPDF.java:70: error: cannot find symbol
    [javac] 	private Document document;
    [javac] 	        ^
    [javac]   symbol:   class Document
    [javac]   location: class ReportInPDF
    [javac] /home/kapelner/workspace/GemIdent/GemIdentTools/ReportInPDF.java:72: error: cannot find symbol
    [javac] 	private Font subTitleFont;
    [javac] 	        ^
    [javac]   symbol:   class Font
    [javac]   location: class ReportInPDF
    [javac] /home/kapelner/workspace/GemIdent/GemIdentTools/ReportInPDF.java:74: error: cannot find symbol
    [javac] 	private PdfPTable table;	
    [javac] 	        ^
    [javac]   symbol:   class PdfPTable
    [javac]   location: class ReportInPDF
    [javac] /home/kapelner/workspace/GemIdent/GemIdentStatistics/StatToolbox.java:24: error: cannot find symbol
    [javac] 		GammaDistributionImpl gamma_dist = new GammaDistributionImpl(k, theta);
    [javac] 		^
    [javac]   symbol:   class GammaDistributionImpl
    [javac]   location: class StatToolbox
    [javac] /home/kapelner/workspace/GemIdent/GemIdentStatistics/StatToolbox.java:24: error: cannot find symbol
    [javac] 		GammaDistributionImpl gamma_dist = new GammaDistributionImpl(k, theta);
    [javac] 		                                       ^
    [javac]   symbol:   class GammaDistributionImpl
    [javac]   location: class StatToolbox
    [javac] /home/kapelner/workspace/GemIdent/GemIdentStatistics/StatToolbox.java:27: error: cannot find symbol
    [javac] 		} catch (MathException e) {
    [javac] 		         ^
    [javac]   symbol:   class MathException
    [javac]   location: class StatToolbox
    [javac] /home/kapelner/workspace/GemIdent/GemIdentStatistics/StatToolbox.java:36: error: cannot find symbol
    [javac] 			return new NormalDistributionImpl().inverseCumulativeProbability(p);
    [javac] 			           ^
    [javac]   symbol:   class NormalDistributionImpl
    [javac]   location: class StatToolbox
    [javac] /home/kapelner/workspace/GemIdent/GemIdentStatistics/StatToolbox.java:37: error: cannot find symbol
    [javac] 		} catch (MathException e) {
    [javac] 		         ^
    [javac]   symbol:   class MathException
    [javac]   location: class StatToolbox
    [javac] /home/kapelner/workspace/GemIdent/GemIdentStatistics/StatToolbox.java:46: error: cannot find symbol
    [javac] 			return new NormalDistributionImpl(mu, sigma).inverseCumulativeProbability(Math.random());
    [javac] 			           ^
    [javac]   symbol:   class NormalDistributionImpl
    [javac]   location: class StatToolbox
    [javac] /home/kapelner/workspace/GemIdent/GemIdentStatistics/StatToolbox.java:47: error: cannot find symbol
    [javac] 		} catch (MathException e) {
    [javac] 		         ^
    [javac]   symbol:   class MathException
    [javac]   location: class StatToolbox
    [javac] /home/kapelner/workspace/GemIdent/GemIdentStatistics/StatToolbox.java:101: error: cannot find symbol
    [javac] 			return Gamma.regularizedGammaQ(alpha, beta / x);
    [javac] 			       ^
    [javac]   symbol:   variable Gamma
    [javac]   location: class StatToolbox
    [javac] /home/kapelner/workspace/GemIdent/GemIdentStatistics/StatToolbox.java:102: error: cannot find symbol
    [javac] 		} catch (MathException e) {
    [javac] 		         ^
    [javac]   symbol:   class MathException
    [javac]   location: class StatToolbox
    [javac] /home/kapelner/workspace/GemIdent/GemIdentTools/ReportInPDF.java:103: error: cannot find symbol
    [javac] 		document=new Document(PageSize.LETTER, 50, 50, 50, 50);
    [javac] 		             ^
    [javac]   symbol:   class Document
    [javac]   location: class ReportInPDF
    [javac] /home/kapelner/workspace/GemIdent/GemIdentTools/ReportInPDF.java:103: error: cannot find symbol
    [javac] 		document=new Document(PageSize.LETTER, 50, 50, 50, 50);
    [javac] 		                      ^
    [javac]   symbol:   variable PageSize
    [javac]   location: class ReportInPDF
    [javac] /home/kapelner/workspace/GemIdent/GemIdentTools/ReportInPDF.java:104: error: cannot find symbol
    [javac] 		writer=PdfWriter.getInstance(document,new FileOutputStream(ConsoleParser.dumpFilenameOutputFull("report","pdf",t)));		
    [javac] 		       ^
    [javac]   symbol:   variable PdfWriter
    [javac]   location: class ReportInPDF
    [javac] /home/kapelner/workspace/GemIdent/GemIdentTools/ReportInPDF.java:108: error: cannot find symbol
    [javac] 		subTitleFont=FontFactory.getFont(FontFactory.TIMES,18,Font.BOLD,Color.BLACK);
    [javac] 		                                 ^
    [javac]   symbol:   variable FontFactory
    [javac]   location: class ReportInPDF
    [javac] /home/kapelner/workspace/GemIdent/GemIdentTools/ReportInPDF.java:108: error: cannot find symbol
    [javac] 		subTitleFont=FontFactory.getFont(FontFactory.TIMES,18,Font.BOLD,Color.BLACK);
    [javac] 		                                                      ^
    [javac]   symbol:   variable Font
    [javac]   location: class ReportInPDF
    [javac] /home/kapelner/workspace/GemIdent/GemIdentTools/ReportInPDF.java:108: error: cannot find symbol
    [javac] 		subTitleFont=FontFactory.getFont(FontFactory.TIMES,18,Font.BOLD,Color.BLACK);
    [javac] 		             ^
    [javac]   symbol:   variable FontFactory
    [javac]   location: class ReportInPDF
    [javac] /home/kapelner/workspace/GemIdent/GemIdentTools/ReportInPDF.java:111: error: cannot find symbol
    [javac] 		table = new PdfPTable(rel);
    [javac] 		            ^
    [javac]   symbol:   class PdfPTable
    [javac]   location: class ReportInPDF
    [javac] /home/kapelner/workspace/GemIdent/GemIdentTools/ReportInPDF.java:118: error: cannot find symbol
    [javac] 		document.add(new Phrase("\n"));
    [javac] 		                 ^
    [javac]   symbol:   class Phrase
    [javac]   location: class ReportInPDF
    [javac] /home/kapelner/workspace/GemIdent/GemIdentTools/ReportInPDF.java:128: error: cannot find symbol
    [javac] 		Font titleFont=FontFactory.getFont(FontFactory.TIMES,36,Font.BOLD,Color.BLACK);
    [javac] 		^
    [javac]   symbol:   class Font
    [javac]   location: class ReportInPDF
    [javac] /home/kapelner/workspace/GemIdent/GemIdentTools/ReportInPDF.java:128: error: cannot find symbol
    [javac] 		Font titleFont=FontFactory.getFont(FontFactory.TIMES,36,Font.BOLD,Color.BLACK);
    [javac] 		                                   ^
    [javac]   symbol:   variable FontFactory
    [javac]   location: class ReportInPDF
    [javac] /home/kapelner/workspace/GemIdent/GemIdentTools/ReportInPDF.java:128: error: cannot find symbol
    [javac] 		Font titleFont=FontFactory.getFont(FontFactory.TIMES,36,Font.BOLD,Color.BLACK);
    [javac] 		                                                        ^
    [javac]   symbol:   variable Font
    [javac]   location: class ReportInPDF
    [javac] /home/kapelner/workspace/GemIdent/GemIdentTools/ReportInPDF.java:128: error: cannot find symbol
    [javac] 		Font titleFont=FontFactory.getFont(FontFactory.TIMES,36,Font.BOLD,Color.BLACK);
    [javac] 		               ^
    [javac]   symbol:   variable FontFactory
    [javac]   location: class ReportInPDF
    [javac] /home/kapelner/workspace/GemIdent/GemIdentTools/ReportInPDF.java:129: error: cannot find symbol
    [javac] 		Paragraph title=new Paragraph(Run.it.projectName+"\n",titleFont);
    [javac] 		^
    [javac]   symbol:   class Paragraph
    [javac]   location: class ReportInPDF
    [javac] /home/kapelner/workspace/GemIdent/GemIdentTools/ReportInPDF.java:129: error: cannot find symbol
    [javac] 		Paragraph title=new Paragraph(Run.it.projectName+"\n",titleFont);
    [javac] 		                    ^
    [javac]   symbol:   class Paragraph
    [javac]   location: class ReportInPDF
    [javac] /home/kapelner/workspace/GemIdent/GemIdentTools/ReportInPDF.java:136: error: cannot find symbol
    [javac] 		Image image=Image.getInstance(I,null);
    [javac] 		^
    [javac]   symbol:   class Image
    [javac]   location: class ReportInPDF
    [javac] /home/kapelner/workspace/GemIdent/GemIdentTools/ReportInPDF.java:136: error: cannot find symbol
    [javac] 		Image image=Image.getInstance(I,null);
    [javac] 		            ^
    [javac]   symbol:   variable Image
    [javac]   location: class ReportInPDF
    [javac] /home/kapelner/workspace/GemIdent/GemIdentTools/ReportInPDF.java:147: error: cannot find symbol
    [javac] 		Font elementFont=FontFactory.getFont(FontFactory.COURIER,12,Font.NORMAL,Color.BLACK);
    [javac] 		^
    [javac]   symbol:   class Font
    [javac]   location: class ReportInPDF
    [javac] /home/kapelner/workspace/GemIdent/GemIdentTools/ReportInPDF.java:147: error: cannot find symbol
    [javac] 		Font elementFont=FontFactory.getFont(FontFactory.COURIER,12,Font.NORMAL,Color.BLACK);
    [javac] 		                                     ^
    [javac]   symbol:   variable FontFactory
    [javac]   location: class ReportInPDF
    [javac] /home/kapelner/workspace/GemIdent/GemIdentTools/ReportInPDF.java:147: error: cannot find symbol
    [javac] 		Font elementFont=FontFactory.getFont(FontFactory.COURIER,12,Font.NORMAL,Color.BLACK);
    [javac] 		                                                            ^
    [javac]   symbol:   variable Font
    [javac]   location: class ReportInPDF
    [javac] /home/kapelner/workspace/GemIdent/GemIdentTools/ReportInPDF.java:147: error: cannot find symbol
    [javac] 		Font elementFont=FontFactory.getFont(FontFactory.COURIER,12,Font.NORMAL,Color.BLACK);
    [javac] 		                 ^
    [javac]   symbol:   variable FontFactory
    [javac]   location: class ReportInPDF
    [javac] /home/kapelner/workspace/GemIdent/GemIdentTools/ReportInPDF.java:154: error: cannot find symbol
    [javac] 		PdfPTable small=new PdfPTable(1);
    [javac] 		^
    [javac]   symbol:   class PdfPTable
    [javac]   location: class ReportInPDF
    [javac] /home/kapelner/workspace/GemIdent/GemIdentTools/ReportInPDF.java:154: error: cannot find symbol
    [javac] 		PdfPTable small=new PdfPTable(1);
    [javac] 		                    ^
    [javac]   symbol:   class PdfPTable
    [javac]   location: class ReportInPDF
    [javac] /home/kapelner/workspace/GemIdent/GemIdentTools/ReportInPDF.java:157: error: cannot find symbol
    [javac] 			Paragraph subTitleCounts=new Paragraph(subTitleFont.leading(1f),"Counts\n",subTitleFont);
    [javac] 			^
    [javac]   symbol:   class Paragraph
    [javac]   location: class ReportInPDF
    [javac] /home/kapelner/workspace/GemIdent/GemIdentTools/ReportInPDF.java:157: error: cannot find symbol
    [javac] 			Paragraph subTitleCounts=new Paragraph(subTitleFont.leading(1f),"Counts\n",subTitleFont);
    [javac] 			                             ^
    [javac]   symbol:   class Paragraph
    [javac]   location: class ReportInPDF
    [javac] /home/kapelner/workspace/GemIdent/GemIdentTools/ReportInPDF.java:161: error: cannot find symbol
    [javac] 			Phrase countsPhrase=new Phrase(elementFont.leading(.75f),counts+"\n",elementFont);
    [javac] 			^
    [javac]   symbol:   class Phrase
    [javac]   location: class ReportInPDF
    [javac] /home/kapelner/workspace/GemIdent/GemIdentTools/ReportInPDF.java:161: error: cannot find symbol
    [javac] 			Phrase countsPhrase=new Phrase(elementFont.leading(.75f),counts+"\n",elementFont);
    [javac] 			                        ^
    [javac]   symbol:   class Phrase
    [javac]   location: class ReportInPDF
    [javac] /home/kapelner/workspace/GemIdent/GemIdentTools/ReportInPDF.java:163: error: cannot find symbol
    [javac] 			Paragraph subTitleErrors=new Paragraph(subTitleFont.leading(1f),"Error Rates\n",subTitleFont);
    [javac] 			^
    [javac]   symbol:   class Paragraph
    [javac]   location: class ReportInPDF
    [javac] /home/kapelner/workspace/GemIdent/GemIdentTools/ReportInPDF.java:163: error: cannot find symbol
    [javac] 			Paragraph subTitleErrors=new Paragraph(subTitleFont.leading(1f),"Error Rates\n",subTitleFont);
    [javac] 			                             ^
    [javac]   symbol:   class Paragraph
    [javac]   location: class ReportInPDF
    [javac] /home/kapelner/workspace/GemIdent/GemIdentTools/ReportInPDF.java:176: error: cannot find symbol
    [javac] 			subTitleErrors.add(new Phrase(elementFont.leading(.75f),errors+"\n",elementFont));
    [javac] 			                       ^
    [javac]   symbol:   class Phrase
    [javac]   location: class ReportInPDF
    [javac] /home/kapelner/workspace/GemIdent/GemIdentTools/ReportInPDF.java:178: error: cannot find symbol
    [javac] 			PdfPCell cell=new PdfPCell();
    [javac] 			^
    [javac]   symbol:   class PdfPCell
    [javac]   location: class ReportInPDF
    [javac] /home/kapelner/workspace/GemIdent/GemIdentTools/ReportInPDF.java:178: error: cannot find symbol
    [javac] 			PdfPCell cell=new PdfPCell();
    [javac] 			                  ^
    [javac]   symbol:   class PdfPCell
    [javac]   location: class ReportInPDF
    [javac] /home/kapelner/workspace/GemIdent/GemIdentTools/ReportInPDF.java:191: error: cannot find symbol
    [javac] 		Font callFont=FontFactory.getFont(FontFactory.COURIER,14,Font.NORMAL,Color.BLACK);		
    [javac] 		^
    [javac]   symbol:   class Font
    [javac]   location: class ReportInPDF
    [javac] /home/kapelner/workspace/GemIdent/GemIdentTools/ReportInPDF.java:191: error: cannot find symbol
    [javac] 		Font callFont=FontFactory.getFont(FontFactory.COURIER,14,Font.NORMAL,Color.BLACK);		
    [javac] 		                                  ^
    [javac]   symbol:   variable FontFactory
    [javac]   location: class ReportInPDF
    [javac] /home/kapelner/workspace/GemIdent/GemIdentTools/ReportInPDF.java:191: error: cannot find symbol
    [javac] 		Font callFont=FontFactory.getFont(FontFactory.COURIER,14,Font.NORMAL,Color.BLACK);		
    [javac] 		                                                         ^
    [javac]   symbol:   variable Font
    [javac]   location: class ReportInPDF
    [javac] /home/kapelner/workspace/GemIdent/GemIdentTools/ReportInPDF.java:191: error: cannot find symbol
    [javac] 		Font callFont=FontFactory.getFont(FontFactory.COURIER,14,Font.NORMAL,Color.BLACK);		
    [javac] 		              ^
    [javac]   symbol:   variable FontFactory
    [javac]   location: class ReportInPDF
    [javac] /home/kapelner/workspace/GemIdent/GemIdentTools/ReportInPDF.java:192: error: cannot find symbol
    [javac] 		Font outputFont=FontFactory.getFont(FontFactory.COURIER,12,Font.NORMAL,new Color(0,144,0));
    [javac] 		^
    [javac]   symbol:   class Font
    [javac]   location: class ReportInPDF
    [javac] /home/kapelner/workspace/GemIdent/GemIdentTools/ReportInPDF.java:192: error: cannot find symbol
    [javac] 		Font outputFont=FontFactory.getFont(FontFactory.COURIER,12,Font.NORMAL,new Color(0,144,0));
    [javac] 		                                    ^
    [javac]   symbol:   variable FontFactory
    [javac]   location: class ReportInPDF
    [javac] /home/kapelner/workspace/GemIdent/GemIdentTools/ReportInPDF.java:192: error: cannot find symbol
    [javac] 		Font outputFont=FontFactory.getFont(FontFactory.COURIER,12,Font.NORMAL,new Color(0,144,0));
    [javac] 		                                                           ^
    [javac]   symbol:   variable Font
    [javac]   location: class ReportInPDF
    [javac] /home/kapelner/workspace/GemIdent/GemIdentTools/ReportInPDF.java:192: error: cannot find symbol
    [javac] 		Font outputFont=FontFactory.getFont(FontFactory.COURIER,12,Font.NORMAL,new Color(0,144,0));
    [javac] 		                ^
    [javac]   symbol:   variable FontFactory
    [javac]   location: class ReportInPDF
    [javac] /home/kapelner/workspace/GemIdent/GemIdentTools/ReportInPDF.java:196: error: cannot find symbol
    [javac] 				document.add(new Paragraph(subTitleFont.leading(1f),"Analysis\n\n",subTitleFont));
    [javac] 				                 ^
    [javac]   symbol:   class Paragraph
    [javac]   location: class ReportInPDF
    [javac] /home/kapelner/workspace/GemIdent/GemIdentTools/ReportInPDF.java:198: error: cannot find symbol
    [javac] 					document.add(new Phrase(callFont.leading(1f),"\t"+call+"\n",callFont));
    [javac] 					                 ^
    [javac]   symbol:   class Phrase
    [javac]   location: class ReportInPDF
    [javac] /home/kapelner/workspace/GemIdent/GemIdentTools/ReportInPDF.java:202: error: cannot find symbol
    [javac] 						document.add(new Phrase(outputFont.leading(1f),"\t\t"+(String)returnValue+"\n",outputFont));
    [javac] 						                 ^
    [javac]   symbol:   class Phrase
    [javac]   location: class ReportInPDF
    [javac] /home/kapelner/workspace/GemIdent/GemIdentTools/ReportInPDF.java:205: error: cannot find symbol
    [javac] 						PdfPTable table = new PdfPTable(1);
    [javac] 						^
    [javac]   symbol:   class PdfPTable
    [javac]   location: class ReportInPDF
    [javac] /home/kapelner/workspace/GemIdent/GemIdentTools/ReportInPDF.java:205: error: cannot find symbol
    [javac] 						PdfPTable table = new PdfPTable(1);
    [javac] 						                      ^
    [javac]   symbol:   class PdfPTable
    [javac]   location: class ReportInPDF
    [javac] /home/kapelner/workspace/GemIdent/GemIdentTools/ReportInPDF.java:209: error: cannot find symbol
    [javac] 						Image image=Image.getInstance((BufferedImage)returnValue,null);
    [javac] 						^
    [javac]   symbol:   class Image
    [javac]   location: class ReportInPDF
    [javac] /home/kapelner/workspace/GemIdent/GemIdentTools/ReportInPDF.java:209: error: cannot find symbol
    [javac] 						Image image=Image.getInstance((BufferedImage)returnValue,null);
    [javac] 						            ^
    [javac]   symbol:   variable Image
    [javac]   location: class ReportInPDF
    [javac] 73 errors
    [javac] 1 warning
